
Allocating common symbols
Common symbol       size              file

idt_ptr             0x6               kernel/descriptor_tables.o
frame_buffer_right  0x780             gui/gui_mouse.o
mouse_show          0x4               gui/display.o
frame_buffer_bottom
                    0x50              gui/gui_mouse.o
frame_buffer_left   0x780             gui/gui_mouse.o
mouse_click         0x4               gui/display.o
processes           0xc204            kernel/process.o
window_copy_buffer  0x9600            gui/gui_mouse.o
gdt_entries         0x28              kernel/descriptor_tables.o
vga                 0x4               gui/display.o
pad                 0x7               kernel/process.o
window_focus_x      0x4               gui/gui_mouse.o
nb_tokens           0x4               utils/parser.o
initial_esp         0x4               kernel/kernel.o
eip_global          0x4               kernel/process.o
cursor_buffer       0x30              drivers/display_vga.o
idt_entries         0x800             kernel/descriptor_tables.o
kernel_page_directory
                    0x4               kernel/virtualmem.o
mouse_hide          0x4               gui/display.o
forbidden_page      0x4               kernel/virtualmem.o
nb_frames           0x4               kernel/virtualmem.o
dma_buffer          0x4               drivers/floppy.o
mouse_unclick       0x4               gui/display.o
gdt_ptr             0x6               kernel/descriptor_tables.o
esp_global          0x4               kernel/process.o
mouse_move          0x4               gui/display.o
window_focus_width  0x4               gui/gui_mouse.o
interrupt_handlers  0x400             kernel/isr.o
window_focus_y      0x4               gui/gui_mouse.o
tokens              0x78              utils/parser.o
current_process     0x4               kernel/process.o
frame_bitmap        0x4               kernel/virtualmem.o
ebp_global          0x4               kernel/process.o
page_tables         0x12c000          kernel/virtualmem.o
window_focus_height
                    0x4               gui/gui_mouse.o
dump_mem            0x4               gui/display.o

Memory Configuration

Name             Origin             Length             Attributes
*default*        0x0000000000000000 0xffffffffffffffff

Linker script and memory map

                0x0000000000100000                . = 0x100000

.text           0x0000000000100000     0x86ab
                0x0000000000100000                code = .
                0x0000000000100000                _code = .
                0x0000000000100000                __code = .
 *(.multiboot)
 .multiboot     0x0000000000100000        0xc kernel/main_text.o
 *(.text)
 *fill*         0x000000000010000c        0x4 
 .text          0x0000000000100010        0xc kernel/main_text.o
                0x0000000000100010                _start
 *fill*         0x000000000010001c        0x4 
 .text          0x0000000000100020      0x26e kernel/hal.o
                0x0000000000100020                boot_flags
                0x0000000000100026                stack_dump
                0x0000000000100032                get_eip
                0x0000000000100036                read_eip
                0x0000000000100039                context_switch
                0x000000000010003c                gdt_flush
                0x0000000000100059                idt_flush
                0x0000000000100061                isr0
                0x000000000010006b                isr1
                0x0000000000100075                isr2
                0x000000000010007f                isr3
                0x0000000000100089                isr4
                0x0000000000100093                isr5
                0x000000000010009d                isr6
                0x00000000001000a7                isr7
                0x00000000001000b1                isr8
                0x00000000001000b9                isr9
                0x00000000001000c3                isr10
                0x00000000001000cb                isr11
                0x00000000001000d3                isr12
                0x00000000001000db                isr13
                0x00000000001000e3                isr14
                0x00000000001000eb                isr15
                0x00000000001000f5                isr16
                0x00000000001000ff                isr17
                0x0000000000100109                isr18
                0x0000000000100113                isr19
                0x000000000010011d                isr20
                0x0000000000100127                isr21
                0x0000000000100131                isr22
                0x000000000010013b                isr23
                0x0000000000100145                isr24
                0x000000000010014f                isr25
                0x0000000000100159                isr26
                0x0000000000100163                isr27
                0x000000000010016d                isr28
                0x0000000000100177                isr29
                0x0000000000100181                isr30
                0x000000000010018b                isr31
                0x0000000000100192                irq0
                0x000000000010019c                irq1
                0x00000000001001a6                irq2
                0x00000000001001b0                irq3
                0x00000000001001b7                irq4
                0x00000000001001be                irq5
                0x00000000001001c5                irq6
                0x00000000001001cc                irq7
                0x00000000001001d3                irq8
                0x00000000001001da                irq9
                0x00000000001001e1                irq10
                0x00000000001001e8                irq11
                0x00000000001001ef                irq12
                0x00000000001001f6                irq13
                0x00000000001001fd                irq14
                0x0000000000100204                irq15
                0x0000000000100255                copy_physical_page
 .text          0x000000000010028e      0x717 kernel/descriptor_tables.o
                0x000000000010028e                init_descriptor_tables
 .text          0x00000000001009a5       0x94 kernel/heap.o
                0x00000000001009a5                init_heap
                0x00000000001009ab                kmalloc
                0x00000000001009dc                kmalloc_a
 .text          0x0000000000100a39       0xfe kernel/isr.o
                0x0000000000100a39                register_interrupt_handler
                0x0000000000100a56                isr_handler
                0x0000000000100ab2                irq_handler
 .text          0x0000000000100b37      0x11b kernel/kernel.o
                0x0000000000100b37                inportb
                0x0000000000100b54                outportb
                0x0000000000100b73                outb
                0x0000000000100b92                inb
                0x0000000000100baf                reboot
                0x0000000000100be5                main
 .text          0x0000000000100c52      0x589 kernel/process.o
                0x0000000000100c52                init_processes
                0x0000000000100ced                get_new_process
                0x0000000000100d99                init_tasking
                0x0000000000100dd5                move_stack
                0x0000000000100ebc                copy_stack
                0x0000000000100f77                switch_process
                0x00000000001010ce                fork
                0x00000000001011ad                getpid
                0x00000000001011b9                error
 .text          0x00000000001011db        0x0 kernel/register.o
 .text          0x00000000001011db       0x85 kernel/scheduler.o
                0x00000000001011db                scheduler_phase
                0x0000000000101245                init_scheduler
 .text          0x0000000000101260      0xa5c kernel/virtualmem.o
                0x00000000001013e5                map_to_first_available
                0x00000000001014b4                map_page
                0x0000000000101558                unmap_page
                0x00000000001015b4                get_PTE_val
                0x00000000001015da                map_forbidden
                0x00000000001015f8                get_PTE
                0x000000000010169d                init_virtualmem
                0x00000000001017f9                switch_page_directory
                0x0000000000101986                clone_page_directory
                0x0000000000101a40                print_page_directory
 .text          0x0000000000101cbc      0x792 lib/libc.o
                0x0000000000101cbc                strcpy
                0x0000000000101cec                strncpy
                0x0000000000101d20                strcmp
                0x0000000000101d6d                strlen
                0x0000000000101d95                strnlen
                0x0000000000101dcb                strncmp
                0x0000000000101e28                memcpy
                0x0000000000101e60                memset
                0x0000000000101e90                lmemcpy
                0x0000000000101eb8                lmemset
                0x0000000000101ed8                getch
                0x0000000000101ef5                atoi
                0x0000000000101f47                umin
                0x0000000000101f5c                umax
                0x0000000000101f71                min
                0x0000000000101f86                max
                0x0000000000101f9b                debug_i
                0x000000000010200e                debug
                0x0000000000102050                C_stack_dump
                0x00000000001020e0                text_dump_mem
                0x0000000000102274                gui_dump_mem
 .text          0x000000000010244e        0x0 drivers/ata.o
 .text          0x000000000010244e      0x52f drivers/display_text.o
                0x000000000010244e                text_set_cursor
                0x00000000001024b5                text_scroll
                0x0000000000102551                text_print
                0x00000000001025c8                text_cls
                0x0000000000102622                text_print_hex
                0x00000000001026d8                text_print_hex2
                0x000000000010278c                text_print_ptr
                0x0000000000102866                text_print_int
                0x00000000001028fb                text_print_c
                0x000000000010293c                init_text
 .text          0x000000000010297d     0x14f7 drivers/display_vga.o
                0x000000000010297d                draw_pixel
                0x00000000001029ce                draw_font_inside_frame
                0x0000000000102cb3                draw_string_inside_frame
                0x0000000000102d18                draw_font
                0x0000000000102e59                draw_cursor
                0x000000000010307c                draw_cursor_buffer
                0x0000000000103116                save_cursor_buffer
                0x00000000001031b0                draw_background
                0x000000000010352d                draw_frame
                0x000000000010360e                draw_string
                0x0000000000103667                draw_string_n
                0x00000000001036ac                draw_box
                0x0000000000103882                copy_box
                0x0000000000103a5c                bitarray_copy
                0x0000000000103e1a                init_vga
 .text          0x0000000000103e74      0x8d7 drivers/floppy.o
                0x0000000000103e9b                floppy_poll
                0x0000000000103eb5                flpydsk_initialize_dma
                0x0000000000103f61                flpydsk_dma_read
                0x0000000000103f97                flpydsk_dma_write
                0x0000000000103fcd                flpydsk_read_status
                0x0000000000103fe5                flpydsk_write_dor
                0x0000000000104009                flpydsk_send_command
                0x000000000010404d                flpydsk_read_data
                0x000000000010408b                flpydsk_write_ccr
                0x00000000001040af                flpydsk_wait_irq
                0x00000000001040c9                flpydsk_check_int
                0x00000000001040f9                flpydsk_control_motor
                0x00000000001041ba                flpydsk_drive_data
                0x000000000010422c                flpydsk_calibrate
                0x00000000001042c8                flpydsk_disable_controller
                0x00000000001042de                flpydsk_enable_controller
                0x00000000001042f4                flpydsk_reset
                0x0000000000104368                flpydsk_read_sector_imp
                0x0000000000104463                flpydsk_seek
                0x0000000000104500                flpydsk_lba_to_chs
                0x000000000010454f                flpydsk_install
                0x0000000000104572                flpydsk_set_working_drive
                0x0000000000104590                flpydsk_get_working_drive
                0x000000000010459c                flpydsk_read_sector
                0x0000000000104644                init_floppy
                0x0000000000104679                floppy_test_read
 .text          0x000000000010474b       0xe9 drivers/keyboard.o
                0x0000000000104819                init_keyboard
 .text          0x0000000000104834      0x353 drivers/mouse.o
                0x00000000001049c9                mouse_write
                0x0000000000104a16                mouse_read
                0x0000000000104a3f                mouse_wait
                0x0000000000104aa7                init_mouse
 .text          0x0000000000104b87      0x9c0 utils/parser.o
                0x0000000000104b87                atoi_substr
                0x0000000000104bd1                parse
                0x0000000000105120                operation
                0x00000000001051cc                is_math_formula
 .text          0x0000000000105547      0xd3b utils/shell.o
                0x0000000000105547                prompt
                0x000000000010556c                countdown
                0x00000000001055ff                process_command
                0x0000000000105e70                process_char
                0x0000000000106184                poll
                0x00000000001061cc                shell
 .text          0x0000000000106282      0x1e0 gui/display.o
                0x0000000000106282                display_mode
                0x000000000010629c                get_process_focus
                0x00000000001062ac                init_window
                0x0000000000106311                switch_window_focus
                0x0000000000106381                init_display
 .text          0x0000000000106462        0x0 gui/font.o
 .text          0x0000000000106462      0xb8b gui/gui_mouse.o
                0x0000000000106462                gui_mouse_move
                0x00000000001068cc                gui_mouse_click
                0x0000000000106945                gui_mouse_unclick
                0x0000000000106f6e                gui_mouse_hide
                0x0000000000106f90                gui_mouse_show
                0x0000000000106fcb                gui_save_mouse_buffer
 .text          0x0000000000106fed      0x247 gui/gui_screen.o
                0x0000000000106fed                draw_hex
                0x00000000001070a4                draw_hex2
                0x0000000000107159                draw_ptr
 .text          0x0000000000107234      0xf60 gui/gui_window.o
                0x0000000000107234                intersection
                0x000000000010730a                gui_scroll
                0x0000000000107388                gui_next_line
                0x0000000000107451                gui_set_cursor
                0x00000000001074a5                gui_remove_cursor
                0x00000000001074c9                gui_draw_window_header
                0x00000000001075c4                gui_set_focus
                0x000000000010767d                gui_remove_focus
                0x00000000001076a4                gui_init
                0x000000000010780b                gui_cls
                0x000000000010787e                gui_puts
                0x00000000001079b6                gui_putc
                0x0000000000107a25                gui_puti
                0x0000000000107b06                gui_putnb
                0x0000000000107bdb                gui_backspace
                0x0000000000107c1e                gui_putcr
                0x0000000000107c51                gui_redraw_frame
                0x0000000000107ee0                gui_redraw
                0x00000000001080ee                gui_handle_mouse_click
 .text          0x0000000000108194      0x1c7 gui/text_mouse.o
                0x0000000000108194                text_mouse_move
                0x00000000001082b3                text_mouse_click
                0x00000000001082b9                text_mouse_unclick
                0x00000000001082bf                text_mouse_show
                0x0000000000108312                text_mouse_hide
 .text          0x000000000010835b      0x350 gui/text_window.o
                0x000000000010835b                text_putcr
                0x00000000001083ce                text_putc
                0x000000000010843e                text_puts
                0x0000000000108471                text_puti
                0x0000000000108549                text_putnb
                0x00000000001085fc                text_backspace
                0x000000000010862c                text_set_focus
                0x000000000010864b                text_remove_focus
                0x0000000000108651                text_init

.iplt           0x00000000001086b0        0x0
 .iplt          0x00000000001086b0        0x0 kernel/main_text.o

.rodata         0x0000000000109000      0x880
                0x0000000000109000                rodata = .
                0x0000000000109000                _rodata = .
                0x0000000000109000                __rodata = .
 *(.rodata)
 .rodata        0x0000000000109000       0xa2 kernel/virtualmem.o
 *fill*         0x00000000001090a2        0x2 
 .rodata        0x00000000001090a4       0x47 lib/libc.o
 *fill*         0x00000000001090eb        0x1 
 .rodata        0x00000000001090ec       0x56 drivers/display_text.o
 *fill*         0x0000000000109142        0x2 
 .rodata        0x0000000000109144       0x21 drivers/display_vga.o
 *fill*         0x0000000000109165        0x3 
 .rodata        0x0000000000109168       0x4f drivers/floppy.o
                0x000000000010916c                FLPY_SECTORS_PER_TRACK
 .rodata        0x00000000001091b7       0x72 utils/parser.o
 *fill*         0x0000000000109229        0x3 
 .rodata        0x000000000010922c      0x1f0 utils/shell.o
 *fill*         0x000000000010941c        0x4 
 .rodata        0x0000000000109420      0x400 gui/font.o
                0x0000000000109420                font
 .rodata        0x0000000000109820       0x13 gui/gui_screen.o
 *fill*         0x0000000000109833        0x1 
 .rodata        0x0000000000109834       0x41 gui/gui_window.o
 .rodata        0x0000000000109875        0xb gui/text_window.o

.__mbHeader     0x0000000000109880        0x0
 .__mbHeader    0x0000000000109880        0x0 kernel/main_text.o

.eh_frame       0x0000000000109880     0x1774
 .eh_frame      0x0000000000109880       0xb8 kernel/descriptor_tables.o
 .eh_frame      0x0000000000109938       0x60 kernel/heap.o
                                         0x78 (size before relaxing)
 .eh_frame      0x0000000000109998       0x60 kernel/isr.o
                                         0x78 (size before relaxing)
 .eh_frame      0x00000000001099f8       0xcc kernel/kernel.o
                                         0xe4 (size before relaxing)
 .eh_frame      0x0000000000109ac4      0x128 kernel/process.o
                                        0x140 (size before relaxing)
 .eh_frame      0x0000000000109bec       0x60 kernel/scheduler.o
                                         0x78 (size before relaxing)
 .eh_frame      0x0000000000109c4c      0x214 kernel/virtualmem.o
                                        0x22c (size before relaxing)
 .eh_frame      0x0000000000109e60      0x2a8 lib/libc.o
                                        0x2c0 (size before relaxing)
 .eh_frame      0x000000000010a108      0x144 drivers/display_text.o
                                        0x15c (size before relaxing)
 .eh_frame      0x000000000010a24c      0x218 drivers/display_vga.o
                                        0x230 (size before relaxing)
 .eh_frame      0x000000000010a464      0x360 drivers/floppy.o
                                        0x378 (size before relaxing)
 .eh_frame      0x000000000010a7c4       0x40 drivers/keyboard.o
                                         0x58 (size before relaxing)
 .eh_frame      0x000000000010a804       0xa0 drivers/mouse.o
                                         0xb8 (size before relaxing)
 .eh_frame      0x000000000010a8a4       0x84 utils/parser.o
                                         0x9c (size before relaxing)
 .eh_frame      0x000000000010a928       0xc0 utils/shell.o
                                         0xd8 (size before relaxing)
 .eh_frame      0x000000000010a9e8       0xa0 gui/display.o
                                         0xb8 (size before relaxing)
 .eh_frame      0x000000000010aa88       0xd4 gui/gui_mouse.o
                                         0xec (size before relaxing)
 .eh_frame      0x000000000010ab5c       0x60 gui/gui_screen.o
                                         0x78 (size before relaxing)
 .eh_frame      0x000000000010abbc      0x278 gui/gui_window.o
                                        0x290 (size before relaxing)
 .eh_frame      0x000000000010ae34       0xa0 gui/text_mouse.o
                                         0xb8 (size before relaxing)
 .eh_frame      0x000000000010aed4      0x120 gui/text_window.o
                                        0x138 (size before relaxing)

.data           0x000000000010b000      0x7ac
                0x000000000010b000                data = .
                0x000000000010b000                _data = .
                0x000000000010b000                __data = .
 *(.data)
 .data          0x000000000010b000        0x0 kernel/descriptor_tables.o
 .data          0x000000000010b000        0x4 kernel/heap.o
                0x000000000010b000                next_memory_block
 .data          0x000000000010b004        0x0 kernel/isr.o
 .data          0x000000000010b004        0x0 kernel/kernel.o
 .data          0x000000000010b004        0x0 kernel/process.o
 .data          0x000000000010b004        0x0 kernel/register.o
 .data          0x000000000010b004        0x0 kernel/scheduler.o
 *fill*         0x000000000010b004       0x1c 
 .data          0x000000000010b020       0xb1 kernel/virtualmem.o
                0x000000000010b020                forbidden_page_motif
 *fill*         0x000000000010b0d1        0xf 
 .data          0x000000000010b0e0      0x100 lib/libc.o
                0x000000000010b0e0                ascii
 .data          0x000000000010b1e0        0x0 drivers/ata.o
 .data          0x000000000010b1e0        0x0 drivers/display_text.o
 .data          0x000000000010b1e0       0x60 drivers/display_vga.o
                0x000000000010b1e0                cursor_large_white
                0x000000000010b200                cursor_large
                0x000000000010b220                cursor_large_mask
 .data          0x000000000010b240        0x0 drivers/floppy.o
 .data          0x000000000010b240      0x100 drivers/keyboard.o
                0x000000000010b240                kbdus
                0x000000000010b2c0                kbdus_shift
 .data          0x000000000010b340        0x0 drivers/mouse.o
 .data          0x000000000010b340        0x0 utils/parser.o
 .data          0x000000000010b340        0x0 utils/shell.o
 .data          0x000000000010b340        0x0 gui/display.o
 .data          0x000000000010b340        0x0 gui/font.o
 .data          0x000000000010b340       0x70 gui/gui_mouse.o
                0x000000000010b360                frame_buffer_top
 .data          0x000000000010b3b0        0x0 gui/gui_screen.o
 *fill*         0x000000000010b3b0       0x10 
 .data          0x000000000010b3c0      0x1ec gui/gui_window.o
                0x000000000010b3c0                gui_window_action
                0x000000000010b400                gui_win1
                0x000000000010b4e0                gui_win2
 .data          0x000000000010b5ac        0xc gui/text_mouse.o
 *fill*         0x000000000010b5b8        0x8 
 .data          0x000000000010b5c0      0x1ec gui/text_window.o
                0x000000000010b5c0                text_window_action
                0x000000000010b600                text_win1
                0x000000000010b6e0                text_win2

.igot.plt       0x000000000010b7ac        0x0
 .igot.plt      0x000000000010b7ac        0x0 kernel/main_text.o

.bss            0x000000000010c000   0x143585
                0x000000000010c000                bss = .
                0x000000000010c000                _bss = .
                0x000000000010c000                __bss = .
 *(COMMON)
 COMMON         0x000000000010c000      0x866 kernel/descriptor_tables.o
                0x000000000010c000                idt_ptr
                0x000000000010c020                gdt_entries
                0x000000000010c060                idt_entries
                0x000000000010c860                gdt_ptr
 *fill*         0x000000000010c866       0x1a 
 COMMON         0x000000000010c880      0x400 kernel/isr.o
                0x000000000010c880                interrupt_handlers
 COMMON         0x000000000010cc80        0x4 kernel/kernel.o
                0x000000000010cc80                initial_esp
 *fill*         0x000000000010cc84       0x1c 
 COMMON         0x000000000010cca0     0xc21c kernel/process.o
                0x000000000010cca0                processes
                0x0000000000118ea4                pad
                0x0000000000118eac                eip_global
                0x0000000000118eb0                esp_global
                0x0000000000118eb4                current_process
                0x0000000000118eb8                ebp_global
 *fill*         0x0000000000118ebc        0x4 
 COMMON         0x0000000000118ec0   0x12c020 kernel/virtualmem.o
                0x0000000000118ec0                kernel_page_directory
                0x0000000000118ec4                forbidden_page
                0x0000000000118ec8                nb_frames
                0x0000000000118ecc                frame_bitmap
                0x0000000000118ee0                page_tables
 COMMON         0x0000000000244ee0       0x30 drivers/display_vga.o
                0x0000000000244ee0                cursor_buffer
 COMMON         0x0000000000244f10        0x4 drivers/floppy.o
                0x0000000000244f10                dma_buffer
 *fill*         0x0000000000244f14        0xc 
 COMMON         0x0000000000244f20       0x98 utils/parser.o
                0x0000000000244f20                nb_tokens
                0x0000000000244f40                tokens
 COMMON         0x0000000000244fb8       0x1c gui/display.o
                0x0000000000244fb8                mouse_show
                0x0000000000244fbc                mouse_click
                0x0000000000244fc0                vga
                0x0000000000244fc4                mouse_hide
                0x0000000000244fc8                mouse_unclick
                0x0000000000244fcc                mouse_move
                0x0000000000244fd0                dump_mem
 *fill*         0x0000000000244fd4        0xc 
 COMMON         0x0000000000244fe0     0xa570 gui/gui_mouse.o
                0x0000000000244fe0                frame_buffer_right
                0x0000000000245760                frame_buffer_bottom
                0x00000000002457c0                frame_buffer_left
                0x0000000000245f40                window_copy_buffer
                0x000000000024f540                window_focus_x
                0x000000000024f544                window_focus_width
                0x000000000024f548                window_focus_y
                0x000000000024f54c                window_focus_height
 *(.bss)
 .bss           0x000000000024f550        0x0 kernel/descriptor_tables.o
 .bss           0x000000000024f550        0x0 kernel/heap.o
 .bss           0x000000000024f550        0x0 kernel/isr.o
 .bss           0x000000000024f550        0x0 kernel/kernel.o
 .bss           0x000000000024f550        0xc kernel/process.o
                0x000000000024f550                next_pid
                0x000000000024f554                new_process
                0x000000000024f558                nb_processes
 .bss           0x000000000024f55c        0x0 kernel/register.o
 .bss           0x000000000024f55c        0x4 kernel/scheduler.o
                0x000000000024f55c                timer_ticks
 .bss           0x000000000024f560        0x4 kernel/virtualmem.o
                0x000000000024f560                current_page_directory
 .bss           0x000000000024f564        0x4 lib/libc.o
                0x000000000024f564                debug_pos
 .bss           0x000000000024f568        0x0 drivers/ata.o
 .bss           0x000000000024f568        0x0 drivers/display_text.o
 .bss           0x000000000024f568        0x0 drivers/display_vga.o
 .bss           0x000000000024f568        0x5 drivers/floppy.o
 *fill*         0x000000000024f56d        0x3 
 .bss           0x000000000024f570        0x4 drivers/keyboard.o
                0x000000000024f570                shift_key_pressed
 .bss           0x000000000024f574        0x8 drivers/mouse.o
                0x000000000024f574                mouse_button_down
 .bss           0x000000000024f57c        0x0 utils/parser.o
 .bss           0x000000000024f57c        0x4 utils/shell.o
                0x000000000024f57c                dump_mem_addr
 .bss           0x000000000024f580        0x0 gui/display.o
 .bss           0x000000000024f580        0x0 gui/font.o
 .bss           0x000000000024f580        0x4 gui/gui_mouse.o
                0x000000000024f580                window_focus
 .bss           0x000000000024f584        0x0 gui/gui_screen.o
 .bss           0x000000000024f584        0x0 gui/gui_window.o
 .bss           0x000000000024f584        0x1 gui/text_mouse.o
 .bss           0x000000000024f585        0x0 gui/text_window.o
 *(.bootstrap_stack)

.bootstrap_stack,
                0x000000000024f588     0x4000
 .bootstrap_stack,
                0x000000000024f588     0x4000 kernel/main_text.o

.rel.dyn        0x0000000000253588        0x0
 .rel.iplt      0x0000000000253588        0x0 kernel/main_text.o
 .rel.text      0x0000000000253588        0x0 kernel/main_text.o
 .rel.data      0x0000000000253588        0x0 kernel/main_text.o

.debug_info     0x0000000000254000     0x7a29
                0x0000000000254000                debug_info = .
 *(.debug_info)
 .debug_info    0x0000000000254000      0x3df kernel/descriptor_tables.o
 .debug_info    0x00000000002543df      0x116 kernel/heap.o
 .debug_info    0x00000000002544f5      0x227 kernel/isr.o
 .debug_info    0x000000000025471c      0x1b2 kernel/kernel.o
 .debug_info    0x00000000002548ce      0x931 kernel/process.o
 .debug_info    0x00000000002551ff       0x41 kernel/register.o
 .debug_info    0x0000000000255240      0x1ae kernel/scheduler.o
 .debug_info    0x00000000002553ee      0x8a0 kernel/virtualmem.o
 .debug_info    0x0000000000255c8e      0xb78 lib/libc.o
 .debug_info    0x0000000000256806      0x6eb drivers/display_text.o
 .debug_info    0x0000000000256ef1      0xcd7 drivers/display_vga.o
 .debug_info    0x0000000000257bc8      0x880 drivers/floppy.o
 .debug_info    0x0000000000258448      0x6b7 drivers/keyboard.o
 .debug_info    0x0000000000258aff      0x2d0 drivers/mouse.o
 .debug_info    0x0000000000258dcf      0x2eb utils/parser.o
 .debug_info    0x00000000002590ba      0x90c utils/shell.o
 .debug_info    0x00000000002599c6      0x6b1 gui/display.o
 .debug_info    0x000000000025a077       0x58 gui/font.o
 .debug_info    0x000000000025a0cf      0x65f gui/gui_mouse.o
 .debug_info    0x000000000025a72e      0x225 gui/gui_screen.o
 .debug_info    0x000000000025a953      0x9d1 gui/gui_window.o
 .debug_info    0x000000000025b324      0x156 gui/text_mouse.o
 .debug_info    0x000000000025b47a      0x5af gui/text_window.o
                0x000000000025ba29                end = .
                0x000000000025ba29                _end = .
                0x000000000025ba29                __end = .
LOAD kernel/main_text.o
LOAD kernel/hal.o
LOAD kernel/descriptor_tables.o
LOAD kernel/heap.o
LOAD kernel/isr.o
LOAD kernel/kernel.o
LOAD kernel/process.o
LOAD kernel/register.o
LOAD kernel/scheduler.o
LOAD kernel/virtualmem.o
LOAD lib/libc.o
LOAD drivers/ata.o
LOAD drivers/display_text.o
LOAD drivers/display_vga.o
LOAD drivers/floppy.o
LOAD drivers/keyboard.o
LOAD drivers/mouse.o
LOAD utils/parser.o
LOAD utils/shell.o
LOAD gui/display.o
LOAD gui/font.o
LOAD gui/gui_mouse.o
LOAD gui/gui_screen.o
LOAD gui/gui_window.o
LOAD gui/text_mouse.o
LOAD gui/text_window.o
OUTPUT(kernel.elf elf32-i386)

.debug_abbrev   0x0000000000000000     0x1fd2
 .debug_abbrev  0x0000000000000000      0x116 kernel/descriptor_tables.o
 .debug_abbrev  0x0000000000000116       0xc1 kernel/heap.o
 .debug_abbrev  0x00000000000001d7      0x10a kernel/isr.o
 .debug_abbrev  0x00000000000002e1      0x10a kernel/kernel.o
 .debug_abbrev  0x00000000000003eb      0x27f kernel/process.o
 .debug_abbrev  0x000000000000066a       0x39 kernel/register.o
 .debug_abbrev  0x00000000000006a3       0xea kernel/scheduler.o
 .debug_abbrev  0x000000000000078d      0x29f kernel/virtualmem.o
 .debug_abbrev  0x0000000000000a2c      0x225 lib/libc.o
 .debug_abbrev  0x0000000000000c51      0x156 drivers/display_text.o
 .debug_abbrev  0x0000000000000da7      0x18e drivers/display_vga.o
 .debug_abbrev  0x0000000000000f35      0x297 drivers/floppy.o
 .debug_abbrev  0x00000000000011cc      0x191 drivers/keyboard.o
 .debug_abbrev  0x000000000000135d      0x157 drivers/mouse.o
 .debug_abbrev  0x00000000000014b4      0x110 utils/parser.o
 .debug_abbrev  0x00000000000015c4      0x220 utils/shell.o
 .debug_abbrev  0x00000000000017e4      0x1dd gui/display.o
 .debug_abbrev  0x00000000000019c1       0x45 gui/font.o
 .debug_abbrev  0x0000000000001a06      0x181 gui/gui_mouse.o
 .debug_abbrev  0x0000000000001b87       0x9c gui/gui_screen.o
 .debug_abbrev  0x0000000000001c23      0x1cf gui/gui_window.o
 .debug_abbrev  0x0000000000001df2       0xa6 gui/text_mouse.o
 .debug_abbrev  0x0000000000001e98      0x13a gui/text_window.o

.debug_aranges  0x0000000000000000      0x2d0
 .debug_aranges
                0x0000000000000000       0x20 kernel/descriptor_tables.o
 .debug_aranges
                0x0000000000000020       0x20 kernel/heap.o
 .debug_aranges
                0x0000000000000040       0x20 kernel/isr.o
 .debug_aranges
                0x0000000000000060       0x20 kernel/kernel.o
 .debug_aranges
                0x0000000000000080       0x20 kernel/process.o
 .debug_aranges
                0x00000000000000a0       0x18 kernel/register.o
 .debug_aranges
                0x00000000000000b8       0x20 kernel/scheduler.o
 .debug_aranges
                0x00000000000000d8       0x20 kernel/virtualmem.o
 .debug_aranges
                0x00000000000000f8       0x20 lib/libc.o
 .debug_aranges
                0x0000000000000118       0x20 drivers/display_text.o
 .debug_aranges
                0x0000000000000138       0x20 drivers/display_vga.o
 .debug_aranges
                0x0000000000000158       0x20 drivers/floppy.o
 .debug_aranges
                0x0000000000000178       0x20 drivers/keyboard.o
 .debug_aranges
                0x0000000000000198       0x20 drivers/mouse.o
 .debug_aranges
                0x00000000000001b8       0x20 utils/parser.o
 .debug_aranges
                0x00000000000001d8       0x20 utils/shell.o
 .debug_aranges
                0x00000000000001f8       0x20 gui/display.o
 .debug_aranges
                0x0000000000000218       0x18 gui/font.o
 .debug_aranges
                0x0000000000000230       0x20 gui/gui_mouse.o
 .debug_aranges
                0x0000000000000250       0x20 gui/gui_screen.o
 .debug_aranges
                0x0000000000000270       0x20 gui/gui_window.o
 .debug_aranges
                0x0000000000000290       0x20 gui/text_mouse.o
 .debug_aranges
                0x00000000000002b0       0x20 gui/text_window.o

.debug_line     0x0000000000000000     0x20dc
 .debug_line    0x0000000000000000      0x108 kernel/descriptor_tables.o
 .debug_line    0x0000000000000108       0x6b kernel/heap.o
 .debug_line    0x0000000000000173       0x67 kernel/isr.o
 .debug_line    0x00000000000001da       0x78 kernel/kernel.o
 .debug_line    0x0000000000000252      0x1a2 kernel/process.o
 .debug_line    0x00000000000003f4       0x32 kernel/register.o
 .debug_line    0x0000000000000426       0x6a kernel/scheduler.o
 .debug_line    0x0000000000000490      0x24f kernel/virtualmem.o
 .debug_line    0x00000000000006df      0x26d lib/libc.o
 .debug_line    0x000000000000094c        0x0 drivers/ata.o
 .debug_line    0x000000000000094c      0x15f drivers/display_text.o
 .debug_line    0x0000000000000aab      0x4e1 drivers/display_vga.o
 .debug_line    0x0000000000000f8c      0x1f1 drivers/floppy.o
 .debug_line    0x000000000000117d       0xcf drivers/keyboard.o
 .debug_line    0x000000000000124c       0xe6 drivers/mouse.o
 .debug_line    0x0000000000001332      0x286 utils/parser.o
 .debug_line    0x00000000000015b8      0x2b6 utils/shell.o
 .debug_line    0x000000000000186e       0xc3 gui/display.o
 .debug_line    0x0000000000001931       0x2b gui/font.o
 .debug_line    0x000000000000195c      0x279 gui/gui_mouse.o
 .debug_line    0x0000000000001bd5       0x8e gui/gui_screen.o
 .debug_line    0x0000000000001c63      0x2e9 gui/gui_window.o
 .debug_line    0x0000000000001f4c       0x97 gui/text_mouse.o
 .debug_line    0x0000000000001fe3       0xf9 gui/text_window.o

.debug_str      0x0000000000000000     0x1b4e
 .debug_str     0x0000000000000000      0x255 kernel/descriptor_tables.o
                                        0x274 (size before relaxing)
 .debug_str     0x0000000000000255       0x55 kernel/heap.o
                                        0x102 (size before relaxing)
 .debug_str     0x00000000000002aa       0x45 kernel/isr.o
                                        0x157 (size before relaxing)
 .debug_str     0x00000000000002ef       0x49 kernel/kernel.o
                                        0x11d (size before relaxing)
 .debug_str     0x0000000000000338      0x277 kernel/process.o
                                        0x45b (size before relaxing)
 .debug_str     0x00000000000005af       0x12 kernel/register.o
                                         0x9b (size before relaxing)
 .debug_str     0x00000000000005c1       0x58 kernel/scheduler.o
                                        0x148 (size before relaxing)
 .debug_str     0x0000000000000619      0x229 kernel/virtualmem.o
                                        0x40b (size before relaxing)
 .debug_str     0x0000000000000842       0xf4 lib/libc.o
                                        0x3db (size before relaxing)
 .debug_str     0x0000000000000936        0xe drivers/ata.o
                                         0x79 (size before relaxing)
 .debug_str     0x0000000000000944       0xb6 drivers/display_text.o
                                        0x2b2 (size before relaxing)
 .debug_str     0x00000000000009fa      0x2fe drivers/display_vga.o
                                        0x427 (size before relaxing)
 .debug_str     0x0000000000000cf8      0x69d drivers/floppy.o
                                        0x7ba (size before relaxing)
 .debug_str     0x0000000000001395       0x5f drivers/keyboard.o
                                        0x34a (size before relaxing)
 .debug_str     0x00000000000013f4       0x98 drivers/mouse.o
                                        0x1c8 (size before relaxing)
 .debug_str     0x000000000000148c       0xd1 utils/parser.o
                                        0x19f (size before relaxing)
 .debug_str     0x000000000000155d       0x86 utils/shell.o
                                        0x3ba (size before relaxing)
 .debug_str     0x00000000000015e3       0x5a gui/display.o
                                        0x35c (size before relaxing)
 .debug_str     0x000000000000163d        0xb gui/font.o
                                         0x92 (size before relaxing)
 .debug_str     0x0000000000001648      0x1d6 gui/gui_mouse.o
                                        0x3fa (size before relaxing)
 .debug_str     0x000000000000181e       0x2d gui/gui_screen.o
                                         0xe3 (size before relaxing)
 .debug_str     0x000000000000184b      0x1ec gui/gui_window.o
                                        0x440 (size before relaxing)
 .debug_str     0x0000000000001a37       0x79 gui/text_mouse.o
                                        0x16b (size before relaxing)
 .debug_str     0x0000000000001ab0       0x9e gui/text_window.o
                                        0x2c6 (size before relaxing)

.comment        0x0000000000000000       0x11
 .comment       0x0000000000000000       0x11 kernel/descriptor_tables.o
                                         0x12 (size before relaxing)
 .comment       0x0000000000000011       0x12 kernel/heap.o
 .comment       0x0000000000000011       0x12 kernel/isr.o
 .comment       0x0000000000000011       0x12 kernel/kernel.o
 .comment       0x0000000000000011       0x12 kernel/process.o
 .comment       0x0000000000000011       0x12 kernel/register.o
 .comment       0x0000000000000011       0x12 kernel/scheduler.o
 .comment       0x0000000000000011       0x12 kernel/virtualmem.o
 .comment       0x0000000000000011       0x12 lib/libc.o
 .comment       0x0000000000000011       0x12 drivers/ata.o
 .comment       0x0000000000000011       0x12 drivers/display_text.o
 .comment       0x0000000000000011       0x12 drivers/display_vga.o
 .comment       0x0000000000000011       0x12 drivers/floppy.o
 .comment       0x0000000000000011       0x12 drivers/keyboard.o
 .comment       0x0000000000000011       0x12 drivers/mouse.o
 .comment       0x0000000000000011       0x12 utils/parser.o
 .comment       0x0000000000000011       0x12 utils/shell.o
 .comment       0x0000000000000011       0x12 gui/display.o
 .comment       0x0000000000000011       0x12 gui/font.o
 .comment       0x0000000000000011       0x12 gui/gui_mouse.o
 .comment       0x0000000000000011       0x12 gui/gui_screen.o
 .comment       0x0000000000000011       0x12 gui/gui_window.o
 .comment       0x0000000000000011       0x12 gui/text_mouse.o
 .comment       0x0000000000000011       0x12 gui/text_window.o

.debug_ranges   0x0000000000000000       0x78
 .debug_ranges  0x0000000000000000       0x18 drivers/display_vga.o
 .debug_ranges  0x0000000000000018       0x18 drivers/floppy.o
 .debug_ranges  0x0000000000000030       0x18 drivers/mouse.o
 .debug_ranges  0x0000000000000048       0x18 utils/shell.o
 .debug_ranges  0x0000000000000060       0x18 gui/gui_window.o
